
> finance-crm-dev@0.1.0 build C:\New Projects\finance-crm
> next build

node.exe : 'next' is not recognized as an internal or external command,
At C:\Users\HP\AppData\Roaming\npm\pnpm.ps1:24 char:5
+     & "node$exe"  "$basedir/node_modules/pnpm/bin/pnpm.cjs" $args
+     ~~~~~~~~~~~~~~~~~~~~~~~~~~~~~~~~~~~~~~~~~~~~~~~~~~~~~~~~~~~~~
    + CategoryInfo          : NotSpecified: ('next' is not r...ternal command, 
   :String) [], RemoteException
    + FullyQualifiedErrorId : NativeCommandError
 
operable program or batch file.
ΓÇëELIFECYCLEΓÇë Command failed with exit code 1.
